apiVersion: rbac.authorization.k8s.io/v1
kind: ClusterRole
metadata:
  labels:
    app.kubernetes.io/instance: topolvm
    app.kubernetes.io/managed-by: Helm
    app.kubernetes.io/name: topolvm
    app.kubernetes.io/version: 0.26.0
    helm.sh/chart: topolvm-14.0.0
  name: syn-topolvm:controller
rules:
  - apiGroups:
      - ''
    resources:
      - nodes
    verbs:
      - get
      - list
      - watch
      - patch
      - update
  - apiGroups:
      - ''
    resources:
      - pods
    verbs:
      - get
      - list
      - watch
      - delete
  - apiGroups:
      - ''
    resources:
      - persistentvolumeclaims
    verbs:
      - get
      - list
      - watch
      - update
      - delete
  - apiGroups:
      - storage.k8s.io
    resources:
      - storageclasses
      - csidrivers
    verbs:
      - get
      - list
      - watch
  - apiGroups:
      - topolvm.cybozu.com
    resources:
      - logicalvolumes
      - logicalvolumes/status
    verbs:
      - get
      - list
      - watch
      - create
      - update
      - patch
      - delete
---
apiVersion: rbac.authorization.k8s.io/v1
kind: ClusterRole
metadata:
  labels:
    app.kubernetes.io/instance: topolvm
    app.kubernetes.io/managed-by: Helm
    app.kubernetes.io/name: topolvm
    app.kubernetes.io/version: 0.26.0
    helm.sh/chart: topolvm-14.0.0
  name: syn-topolvm-external-provisioner-runner
rules:
  - apiGroups:
      - ''
    resources:
      - persistentvolumes
    verbs:
      - get
      - list
      - watch
      - create
      - delete
  - apiGroups:
      - ''
    resources:
      - persistentvolumeclaims
    verbs:
      - get
      - list
      - watch
      - update
  - apiGroups:
      - storage.k8s.io
    resources:
      - storageclasses
    verbs:
      - get
      - list
      - watch
  - apiGroups:
      - ''
    resources:
      - events
    verbs:
      - list
      - watch
      - create
      - update
      - patch
  - apiGroups:
      - snapshot.storage.k8s.io
    resources:
      - volumesnapshots
    verbs:
      - get
      - list
  - apiGroups:
      - snapshot.storage.k8s.io
    resources:
      - volumesnapshotcontents
    verbs:
      - get
      - list
  - apiGroups:
      - storage.k8s.io
    resources:
      - csinodes
    verbs:
      - get
      - list
      - watch
  - apiGroups:
      - ''
    resources:
      - nodes
    verbs:
      - get
      - list
      - watch
  - apiGroups:
      - storage.k8s.io
    resources:
      - volumeattachments
    verbs:
      - get
      - list
      - watch
---
apiVersion: rbac.authorization.k8s.io/v1
kind: ClusterRole
metadata:
  labels:
    app.kubernetes.io/instance: topolvm
    app.kubernetes.io/managed-by: Helm
    app.kubernetes.io/name: topolvm
    app.kubernetes.io/version: 0.26.0
    helm.sh/chart: topolvm-14.0.0
  name: syn-topolvm-external-resizer-runner
rules:
  - apiGroups:
      - ''
    resources:
      - persistentvolumes
    verbs:
      - get
      - list
      - watch
      - patch
  - apiGroups:
      - ''
    resources:
      - persistentvolumeclaims
    verbs:
      - get
      - list
      - watch
  - apiGroups:
      - ''
    resources:
      - pods
    verbs:
      - get
      - list
      - watch
  - apiGroups:
      - ''
    resources:
      - persistentvolumeclaims/status
    verbs:
      - patch
  - apiGroups:
      - ''
    resources:
      - events
    verbs:
      - list
      - watch
      - create
      - update
      - patch
---
apiVersion: rbac.authorization.k8s.io/v1
kind: ClusterRole
metadata:
  labels:
    app.kubernetes.io/instance: topolvm
    app.kubernetes.io/managed-by: Helm
    app.kubernetes.io/name: topolvm
    app.kubernetes.io/version: 0.26.0
    helm.sh/chart: topolvm-14.0.0
  name: syn-topolvm-external-snapshotter-runner
rules:
  - apiGroups:
      - ''
    resources:
      - events
    verbs:
      - list
      - watch
      - create
      - update
      - patch
  - apiGroups:
      - snapshot.storage.k8s.io
    resources:
      - volumesnapshotclasses
    verbs:
      - get
      - list
      - watch
  - apiGroups:
      - snapshot.storage.k8s.io
    resources:
      - volumesnapshotcontents
    verbs:
      - get
      - list
      - watch
      - update
      - patch
  - apiGroups:
      - snapshot.storage.k8s.io
    resources:
      - volumesnapshotcontents/status
    verbs:
      - update
      - patch
