apiVersion: policy/v1
kind: PodDisruptionBudget
metadata:
  name: topolvm-controller
  namespace: syn-topolvm
spec:
  maxUnavailable: 1
  selector:
    matchLabels:
      app.kubernetes.io/component: controller
      app.kubernetes.io/instance: topolvm
      app.kubernetes.io/name: topolvm
