apiVersion: v1
kind: ServiceAccount
metadata:
  labels:
    app.kubernetes.io/instance: topolvm
    app.kubernetes.io/managed-by: Helm
    app.kubernetes.io/name: topolvm
    app.kubernetes.io/version: 0.36.5
    helm.sh/chart: topolvm-15.5.6
  name: topolvm-controller
  namespace: syn-topolvm
