apiVersion: storage.k8s.io/v1
kind: CSIDriver
metadata:
  labels:
    app.kubernetes.io/instance: topolvm
    app.kubernetes.io/managed-by: Helm
    app.kubernetes.io/name: topolvm
    app.kubernetes.io/version: 0.18.2
    helm.sh/chart: topolvm-11.2.0
  name: topolvm.io
spec:
  attachRequired: false
  podInfoOnMount: true
  storageCapacity: true
  volumeLifecycleModes:
    - Persistent
