apiVersion: rbac.authorization.k8s.io/v1
kind: RoleBinding
metadata:
  labels:
    app.kubernetes.io/instance: topolvm
    app.kubernetes.io/managed-by: Helm
    app.kubernetes.io/name: topolvm
    app.kubernetes.io/version: 0.36.5
    helm.sh/chart: topolvm-15.5.6
  name: leader-election
  namespace: syn-topolvm
roleRef:
  apiGroup: rbac.authorization.k8s.io
  kind: Role
  name: leader-election
subjects:
  - kind: ServiceAccount
    name: topolvm-controller
    namespace: syn-topolvm
---
apiVersion: rbac.authorization.k8s.io/v1
kind: RoleBinding
metadata:
  labels:
    app.kubernetes.io/instance: topolvm
    app.kubernetes.io/managed-by: Helm
    app.kubernetes.io/name: topolvm
    app.kubernetes.io/version: 0.36.5
    helm.sh/chart: topolvm-15.5.6
  name: csi-provisioner-role-cfg
  namespace: syn-topolvm
roleRef:
  apiGroup: rbac.authorization.k8s.io
  kind: Role
  name: external-provisioner-cfg
subjects:
  - kind: ServiceAccount
    name: topolvm-controller
    namespace: syn-topolvm
---
apiVersion: rbac.authorization.k8s.io/v1
kind: RoleBinding
metadata:
  labels:
    app.kubernetes.io/instance: topolvm
    app.kubernetes.io/managed-by: Helm
    app.kubernetes.io/name: topolvm
    app.kubernetes.io/version: 0.36.5
    helm.sh/chart: topolvm-15.5.6
  name: csi-resizer-role-cfg
  namespace: syn-topolvm
roleRef:
  apiGroup: rbac.authorization.k8s.io
  kind: Role
  name: external-resizer-cfg
subjects:
  - kind: ServiceAccount
    name: topolvm-controller
    namespace: syn-topolvm
---
apiVersion: rbac.authorization.k8s.io/v1
kind: RoleBinding
metadata:
  labels:
    app.kubernetes.io/instance: topolvm
    app.kubernetes.io/managed-by: Helm
    app.kubernetes.io/name: topolvm
    app.kubernetes.io/version: 0.36.5
    helm.sh/chart: topolvm-15.5.6
  name: external-snapshotter-leaderelection
  namespace: syn-topolvm
roleRef:
  apiGroup: rbac.authorization.k8s.io
  kind: Role
  name: external-snapshotter-leaderelection
subjects:
  - kind: ServiceAccount
    name: topolvm-controller
    namespace: syn-topolvm
