apiVersion: v1
kind: ServiceAccount
metadata:
  labels:
    app.kubernetes.io/instance: topolvm
    app.kubernetes.io/managed-by: Helm
    app.kubernetes.io/name: topolvm
    app.kubernetes.io/version: 0.19.1
    helm.sh/chart: topolvm-11.3.0
  name: topolvm-controller
  namespace: syn-topolvm
