apiVersion: scheduling.k8s.io/v1
description: Pods using TopoLVM volumes should use this class.
globalDefault: false
kind: PriorityClass
metadata:
  name: topolvm
value: 1e+06
