apiVersion: v1
kind: ServiceAccount
metadata:
  labels:
    app.kubernetes.io/instance: topolvm
    app.kubernetes.io/managed-by: Helm
    app.kubernetes.io/name: topolvm
    app.kubernetes.io/version: 0.26.0
    helm.sh/chart: topolvm-14.0.0
  name: topolvm-node
  namespace: syn-topolvm
