allowHostDirVolumePlugin: true
allowHostIPC: true
allowHostNetwork: true
allowHostPID: true
allowHostPorts: true
allowPrivilegeEscalation: true
allowPrivilegedContainer: true
allowedCapabilities:
  - '*'
allowedUnsafeSysctls:
  - '*'
apiVersion: security.openshift.io/v1
defaultAddCapabilities: null
fsGroup:
  type: RunAsAny
kind: SecurityContextConstraints
metadata:
  labels:
    app.kubernetes.io/component: topolvm
    app.kubernetes.io/managed-by: syn
    app.kubernetes.io/name: topolvm
  name: topolvm-scc
  namespace: syn-topolvm
priority: null
readOnlyRootFilesystem: false
requiredDropCapabilities: null
runAsUser:
  type: RunAsAny
seLinuxContext:
  type: RunAsAny
seccompProfiles:
  - '*'
supplementalGroups:
  type: RunAsAny
users:
  - system:serviceaccount:syn-topolvm:topolvm-controller
  - system:serviceaccount:syn-topolvm:topolvm-scheduler
  - system:serviceaccount:syn-topolvm:topolvm-node
  - system:serviceaccount:syn-topolvm:topolvm-lvmd
  - system:serviceaccount:syn-topolvm:topolvm-kubescheduler
volumes:
  - '*'
