allowVolumeExpansion: true
apiVersion: storage.k8s.io/v1
kind: StorageClass
metadata:
  annotations: {}
  labels:
    app.kubernetes.io/instance: topolvm
    app.kubernetes.io/name: topolvm
    name: ssd-local
  name: ssd-local
parameters:
  csi.storage.k8s.io/fstype: ext4
  topolvm.cybozu.com/device-class: ssd
provisioner: topolvm.cybozu.com
reclaimPolicy: Delete
volumeBindingMode: WaitForFirstConsumer
