apiVersion: v1
kind: Namespace
metadata:
  annotations:
    openshift.io/node-selector: ''
  labels:
    app.kubernetes.io/name: syn-topolvm
    name: syn-topolvm
    openshift.io/cluster-monitoring: 'true'
    topolvm.cybozu.com/webhook: ignore
  name: syn-topolvm
