allowVolumeExpansion: true
apiVersion: storage.k8s.io/v1
kind: StorageClass
metadata:
  annotations:
    storageclass.kubernetes.io/is-default-class: 'true'
  labels:
    app.kubernetes.io/instance: topolvm
    app.kubernetes.io/name: topolvm
    name: ssd-local
  name: ssd-local
parameters:
  csi.storage.k8s.io/fstype: ext4
  topolvm.io/device-class: ssd
provisioner: topolvm.io
reclaimPolicy: Delete
volumeBindingMode: WaitForFirstConsumer
