apiVersion: v1
data:
  lvmd.yaml: |
    socket-name: /run/topolvm/lvmd.sock
kind: ConfigMap
metadata:
  labels:
    app.kubernetes.io/instance: topolvm
    app.kubernetes.io/managed-by: Helm
    app.kubernetes.io/name: topolvm
    app.kubernetes.io/version: 0.23.0
    helm.sh/chart: topolvm-12.1.0
    idx: '0'
  name: topolvm-lvmd-0
  namespace: syn-topolvm
