apiVersion: v1
kind: ServiceAccount
metadata:
  labels:
    app.kubernetes.io/instance: topolvm
    app.kubernetes.io/managed-by: Helm
    app.kubernetes.io/name: topolvm
    app.kubernetes.io/version: 0.21.0
    helm.sh/chart: topolvm-11.5.0
  name: topolvm-lvmd
  namespace: syn-topolvm
