apiVersion: storage.k8s.io/v1
kind: CSIDriver
metadata:
  labels:
    app.kubernetes.io/instance: topolvm
    app.kubernetes.io/managed-by: Helm
    app.kubernetes.io/name: topolvm
    app.kubernetes.io/version: 0.15.1
    helm.sh/chart: topolvm-9.0.1
  name: topolvm.cybozu.com
spec:
  attachRequired: false
  podInfoOnMount: true
  storageCapacity: true
  volumeLifecycleModes:
    - Persistent
