apiVersion: rbac.authorization.k8s.io/v1
kind: Role
metadata:
  labels:
    app.kubernetes.io/instance: topolvm
    app.kubernetes.io/managed-by: Helm
    app.kubernetes.io/name: topolvm
    app.kubernetes.io/version: 0.21.0
    helm.sh/chart: topolvm-11.5.0
  name: leader-election
  namespace: syn-topolvm
rules:
  - apiGroups:
      - ''
      - coordination.k8s.io
    resources:
      - configmaps
      - leases
    verbs:
      - get
      - list
      - watch
      - create
      - update
      - patch
      - delete
  - apiGroups:
      - ''
    resources:
      - events
    verbs:
      - create
      - patch
---
apiVersion: rbac.authorization.k8s.io/v1
kind: Role
metadata:
  labels:
    app.kubernetes.io/instance: topolvm
    app.kubernetes.io/managed-by: Helm
    app.kubernetes.io/name: topolvm
    app.kubernetes.io/version: 0.21.0
    helm.sh/chart: topolvm-11.5.0
  name: external-provisioner-cfg
  namespace: syn-topolvm
rules:
  - apiGroups:
      - coordination.k8s.io
    resources:
      - leases
    verbs:
      - get
      - watch
      - list
      - delete
      - update
      - create
  - apiGroups:
      - storage.k8s.io
    resources:
      - csistoragecapacities
    verbs:
      - get
      - list
      - watch
      - create
      - update
      - patch
      - delete
  - apiGroups:
      - ''
    resources:
      - pods
    verbs:
      - get
  - apiGroups:
      - apps
    resources:
      - replicasets
    verbs:
      - get
---
apiVersion: rbac.authorization.k8s.io/v1
kind: Role
metadata:
  labels:
    app.kubernetes.io/instance: topolvm
    app.kubernetes.io/managed-by: Helm
    app.kubernetes.io/name: topolvm
    app.kubernetes.io/version: 0.21.0
    helm.sh/chart: topolvm-11.5.0
  name: external-resizer-cfg
  namespace: syn-topolvm
rules:
  - apiGroups:
      - coordination.k8s.io
    resources:
      - leases
    verbs:
      - get
      - watch
      - list
      - delete
      - update
      - create
---
apiVersion: rbac.authorization.k8s.io/v1
kind: Role
metadata:
  labels:
    app.kubernetes.io/instance: topolvm
    app.kubernetes.io/managed-by: Helm
    app.kubernetes.io/name: topolvm
    app.kubernetes.io/version: 0.21.0
    helm.sh/chart: topolvm-11.5.0
  name: external-snapshotter-leaderelection
  namespace: syn-topolvm
rules:
  - apiGroups:
      - coordination.k8s.io
    resources:
      - leases
    verbs:
      - get
      - watch
      - list
      - delete
      - update
      - create
