apiVersion: v1
kind: ServiceAccount
metadata:
  labels:
    app.kubernetes.io/instance: topolvm
    app.kubernetes.io/managed-by: Helm
    app.kubernetes.io/name: topolvm
    app.kubernetes.io/version: 0.15.3
    helm.sh/chart: topolvm-10.0.0
  name: topolvm-controller
  namespace: syn-topolvm
