apiVersion: v1
data:
  lvmd.yaml: "socket-name: /run/topolvm/lvmd.sock\ndevice-classes: \n  - default:\
    \ true\n    name: ssd\n    spare-gb: 10\n    volume-group: vg-topolvm\n"
kind: ConfigMap
metadata:
  labels:
    app.kubernetes.io/instance: topolvm
    app.kubernetes.io/managed-by: Helm
    app.kubernetes.io/name: topolvm
    app.kubernetes.io/version: 0.19.1
    helm.sh/chart: topolvm-11.3.0
    idx: '0'
  name: topolvm-lvmd-0
  namespace: syn-topolvm
