apiVersion: rbac.authorization.k8s.io/v1
kind: RoleBinding
metadata:
  labels:
    app.kubernetes.io/instance: topolvm
    app.kubernetes.io/managed-by: Helm
    app.kubernetes.io/name: topolvm
    app.kubernetes.io/version: 0.15.1
    helm.sh/chart: topolvm-9.0.1
  name: topolvm-lvmd:psp:topolvm-lvmd
  namespace: syn-topolvm
roleRef:
  apiGroup: rbac.authorization.k8s.io
  kind: Role
  name: psp:topolvm-lvmd
subjects:
  - kind: ServiceAccount
    name: topolvm-lvmd
    namespace: syn-topolvm
