apiVersion: rbac.authorization.k8s.io/v1
kind: Role
metadata:
  labels:
    app.kubernetes.io/instance: topolvm
    app.kubernetes.io/managed-by: Helm
    app.kubernetes.io/name: topolvm
    app.kubernetes.io/version: 0.15.1
    helm.sh/chart: topolvm-9.0.1
  name: psp:topolvm-lvmd
  namespace: syn-topolvm
rules:
  - apiGroups:
      - policy
    resourceNames:
      - topolvm-lvmd
    resources:
      - podsecuritypolicies
    verbs:
      - use
