apiVersion: v1
kind: ServiceAccount
metadata:
  labels:
    app.kubernetes.io/instance: topolvm
    app.kubernetes.io/managed-by: Helm
    app.kubernetes.io/name: topolvm
    app.kubernetes.io/version: 0.15.1
    helm.sh/chart: topolvm-9.0.1
  name: topolvm-lvmd
  namespace: syn-topolvm
