apiVersion: cert-manager.io/v1
kind: Issuer
metadata:
  labels:
    app.kubernetes.io/instance: topolvm
    app.kubernetes.io/managed-by: Helm
    app.kubernetes.io/name: topolvm
    app.kubernetes.io/version: 0.15.2
    helm.sh/chart: topolvm-9.1.0
  name: topolvm-webhook-selfsign
  namespace: syn-topolvm
spec:
  selfSigned: {}
---
apiVersion: cert-manager.io/v1
kind: Issuer
metadata:
  labels:
    app.kubernetes.io/instance: topolvm
    app.kubernetes.io/managed-by: Helm
    app.kubernetes.io/name: topolvm
    app.kubernetes.io/version: 0.15.2
    helm.sh/chart: topolvm-9.1.0
  name: topolvm-webhook-ca
  namespace: syn-topolvm
spec:
  ca:
    secretName: topolvm-webhook-ca
