apiVersion: rbac.authorization.k8s.io/v1
kind: ClusterRole
metadata:
  labels:
    app.kubernetes.io/instance: topolvm
    app.kubernetes.io/managed-by: Helm
    app.kubernetes.io/name: topolvm
    app.kubernetes.io/version: 0.36.2
    helm.sh/chart: topolvm-15.5.2
  name: syn-topolvm:node
rules:
  - apiGroups:
      - ''
    resources:
      - nodes
    verbs:
      - get
      - list
      - watch
      - update
      - patch
  - apiGroups:
      - topolvm.io
    resources:
      - logicalvolumes
      - logicalvolumes/status
    verbs:
      - get
      - list
      - watch
      - create
      - update
      - delete
      - patch
  - apiGroups:
      - storage.k8s.io
    resources:
      - csidrivers
    verbs:
      - get
      - list
      - watch
