apiVersion: rbac.authorization.k8s.io/v1
kind: ClusterRoleBinding
metadata:
  labels:
    app.kubernetes.io/instance: topolvm
    app.kubernetes.io/managed-by: Helm
    app.kubernetes.io/name: topolvm
    app.kubernetes.io/version: 0.15.2
    helm.sh/chart: topolvm-9.1.0
  name: syn-topolvm:node
roleRef:
  apiGroup: rbac.authorization.k8s.io
  kind: ClusterRole
  name: syn-topolvm:node
subjects:
  - kind: ServiceAccount
    name: topolvm-node
    namespace: syn-topolvm
