apiVersion: monitoring.coreos.com/v1
kind: PodMonitor
metadata:
  labels:
    app.kubernetes.io/instance: topolvm
    app.kubernetes.io/managed-by: Helm
    app.kubernetes.io/name: topolvm
    app.kubernetes.io/version: 0.21.0
    helm.sh/chart: topolvm-11.5.0
  name: topolvm-node
  namespace: syn-topolvm
spec:
  namespaceSelector:
    matchNames:
      - syn-topolvm
  podMetricsEndpoints:
    - path: /metrics
      port: metrics
  selector:
    matchLabels:
      app.kubernetes.io/component: node
      app.kubernetes.io/instance: topolvm
      app.kubernetes.io/name: topolvm
