apiVersion: policy/v1beta1
kind: PodSecurityPolicy
metadata:
  labels:
    app.kubernetes.io/instance: topolvm
    app.kubernetes.io/managed-by: Helm
    app.kubernetes.io/name: topolvm
    app.kubernetes.io/version: 0.15.1
    helm.sh/chart: topolvm-9.0.1
  name: topolvm-node
spec:
  allowPrivilegeEscalation: true
  allowedHostPaths:
    - pathPrefix: /var/lib/kubelet
      readOnly: false
    - pathPrefix: /run/topolvm
      readOnly: false
  fsGroup:
    rule: RunAsAny
  hostNetwork: false
  privileged: true
  readOnlyRootFilesystem: true
  runAsUser:
    rule: RunAsAny
  seLinux:
    rule: RunAsAny
  supplementalGroups:
    rule: RunAsAny
  volumes:
    - configMap
    - emptyDir
    - secret
    - hostPath
