apiVersion: v1
data:
  lvmd.yaml: "device-classes: \n  - default: true\n    name: ssd\n    spare-gb: 10\n\
    \    volume-group: vg-topolvm\n"
kind: ConfigMap
metadata:
  labels:
    app.kubernetes.io/instance: topolvm
    app.kubernetes.io/managed-by: Helm
    app.kubernetes.io/name: topolvm
    app.kubernetes.io/version: 0.36.0
    helm.sh/chart: topolvm-15.5.0
    idx: '0'
  name: topolvm-lvmd-0
  namespace: syn-topolvm
